numero_processo,numero_antigo_processo,numero_processo_pai,arquivado_em,qtd_volumes_processo,numero_caixa,complemento_caixa,ano_caixa,volume_caixa,guarda_permanente_processo,nome_localidade_criadora_caixa,nome_localidade,nome_predio,numero_andar,numero_sala,numero_estante,numero_prateleira,descricao_caixa,falha
2689990-93.1984.1.00.5657,09.4464306-0,,21-12-2020,2,5,foo,2020,3,Sim,Yokohama,Madrid,"Empire State",10,100-s,20-e,30-p,"Loren ipsum","O formato do(a) numero processo é inválido(a)."
