numero_processo,numero_antigo_processo,numero_processo_pai,arquivado_em,qtd_volumes_processo,numero_caixa,complemento_caixa,ano_caixa,volume_caixa_inicial,volume_caixa_final,guarda_permanente_processo,nome_localidade_criadora_caixa,nome_localidade,nome_predio,numero_andar,numero_sala,numero_estante,numero_prateleira,descricao_caixa,nome_tipo_processo_caixa,falha
26899909319841005657,,11111111111111111111111111,21-12-2020,2,5,,2020,3,6,Não,Yokohama,Madrid,"Empire State",10,100-s,,,,Criminal,"O(A) numero processo pai não pode ser maior que 25 caracteres."
26899909319841005657,,123,21-12-2020,2,5,,2020,3,6,Não,Yokohama,Madrid,"Empire State",10,100-s,,,,Criminal,"O numero processo pai não está no padrão CNJ."
26899909319841005657,,84145187219344032589,21-12-2020,2,5,,2020,3,6,Não,Yokohama,Madrid,"Empire State",10,100-s,,,,Criminal,"O(A) numero processo pai não existe."
