// Vitest Snapshot v1

exports[`ContadorCaracteres > renderiza o componente respeitando o snapshot 1`] = `"<div class=\\"absolute inset-y-0 right-0 flex items-center pr-3 text-sm\\"><span dusk=\\"contador\\">3</span>/<span dusk=\\"maxlength\\">5</span></div>"`;
