<script>
    window._dados = {"app_nome":"ArqJud","app_nome_completo":"Arquivo Judicial","app_versao":"0.0.1-dev","orgao_sigla":null,"paginacao":[10,25,50,100]};
</script>
