- 'select * from `processos` inner join `volumes_caixa` on `volumes_caixa`.`id` = `processos`.`volume_caixa_id` inner join `caixas` on `caixas`.`id` = `volumes_caixa`.`caixa_id` inner join `localidades` as `criadoras` on `criadoras`.`id` = `caixas`.`localidade_criadora_id` inner join `prateleiras` on `prateleiras`.`id` = `caixas`.`prateleira_id` inner join `estantes` on `estantes`.`id` = `prateleiras`.`estante_id` inner join `salas` on `salas`.`id` = `estantes`.`sala_id` inner join `andares` on `andares`.`id` = `salas`.`andar_id` inner join `predios` on `predios`.`id` = `andares`.`predio_id` inner join `localidades` on `localidades`.`id` = `predios`.`localidade_id` order by `numero` asc, `numero_antigo` asc, `arquivado_em` asc, `guarda_permanente` asc, `qtd_volumes` asc, `localidades`.`nome` asc, `predios`.`nome` asc, `andares`.`numero` asc, `andares`.`apelido` desc, `salas`.`numero` desc, `estantes`.`numero` desc, `prateleiras`.`numero` desc, `caixas`.`numero` desc, `caixas`.`ano` desc, `caixas`.`guarda_permanente` desc, `caixas`.`complemento` desc, `criadoras`.`nome` desc, `volumes_caixa`.`numero` desc, `processos_filho_count` desc, `solicitacoes_count` desc, `id` desc'
- {  }
