- 'select * from `localidades` order by `predios_count` desc, `nome` asc, `caixas_criadas_count` asc, `id` desc'
- {  }
