- 'select * from `localidades` order by `nome` asc, `id` desc'
- {  }
