- 'select * from `perfis` order by `nome` asc, `slug` asc, `poder` asc, `usuarios_count` desc, `poder` desc'
- {  }
