- 'select * from `salas` inner join `andares` on `andares`.`id` = `salas`.`andar_id` inner join `predios` on `predios`.`id` = `andares`.`predio_id` inner join `localidades` on `localidades`.`id` = `predios`.`localidade_id` order by `numero` asc, `localidades`.`nome` asc, `predios`.`nome` asc, `andares`.`numero` asc, `andares`.`apelido` desc, `estantes_count` desc, `id` desc'
- {  }
