- 'select * from `usuarios` left join `lotacoes` on `usuarios`.`lotacao_id` = `lotacoes`.`id` left join `cargos` on `usuarios`.`cargo_id` = `cargos`.`id` left join `funcoes_confianca` on `usuarios`.`funcao_confianca_id` = `funcoes_confianca`.`id` left join `perfis` on `usuarios`.`perfil_id` = `perfis`.`id` left join `usuarios` as `delegantes` on `usuarios`.`perfil_concedido_por` = `delegantes`.`id` left join `perfis` as `perfis_antigos` on `usuarios`.`antigo_perfil_id` = `perfis_antigos`.`id` order by `nome` asc, `matricula` asc, `username` asc, `email` asc, `lotacoes`.`sigla` desc, `cargos`.`nome` desc, `funcoes_confianca`.`nome` desc, `perfis`.`nome` desc, `delegantes`.`username` desc, `perfis_antigos`.`nome` desc, `id` desc'
- {  }
