- 'select * from `permissoes` order by `nome` asc, `slug` asc, `id` desc'
- {  }
