- 'select * from `localidades` order by `id` desc'
- {  }
