- 'select * from `localidades` where `nome` like ?'
-
    - foo%
