<script>
    window._translations = {"failed":"Usu\u00e1rio e\/ou senha incorretos.","password":"A senha est\u00e1 incorreta.","throttle":"Muitas tentativas de login. Por favor, tente novamente em :seconds segundos.","previous":"\u0026laquo; Anterior","next":"Pr\u00f3ximo \u0026raquo;","reset":"Your password has been reset!","sent":"We have emailed your password reset link!","throttled":"Please wait before retrying.","token":"This password reset token is invalid.","user":"We can\u0027t find a user with that email address.","accepted":"The :attribute must be accepted.","accepted_if":"The :attribute must be accepted when :other is :value.","active_url":"The :attribute is not a valid URL.","after":"The :attribute must be a date after :date.","after_or_equal":"A :attribute precisa ser posterior ou igual a :date.","alpha":"The :attribute must only contain letters.","alpha_dash":"The :attribute must only contain letters, numbers, dashes and underscores.","alpha_num":"The :attribute must only contain letters and numbers.","array":"The :attribute must be an array.","before":"The :attribute must be a date before :date.","before_or_equal":"A :attribute precisa ser anterior ou igual a :date.","between.array":"The :attribute must have between :min and :max items.","between.file":"The :attribute must be between :min and :max kilobytes.","between.numeric":"O(A) :attribute precisa ser entre :min e :max.","between.string":"O(A) :attribute precisa ter entre :min e :max caracteres.","boolean":"O(A) :attribute precisa ser verdadeiro ou falso.","cnj":"O :attribute n\u00e3o est\u00e1 no padr\u00e3o CNJ.","confirmed":"The :attribute confirmation does not match.","current_password":"The password is incorrect.","date":"The :attribute is not a valid date.","date_equals":"The :attribute must be a date equal to :date.","date_format":"A :attribute precisa ser no formato :format.","declined":"The :attribute must be declined.","declined_if":"The :attribute must be declined when :other is :value.","different":"The :attribute and :other must be different.","digits":"The :attribute must be :digits digits.","digits_between":"The :attribute must be between :min and :max digits.","dimensions":"The :attribute has invalid image dimensions.","distinct":"The :attribute field has a duplicate value.","doesnt_end_with":"The :attribute may not end with one of the following: :values.","doesnt_start_with":"The :attribute may not start with one of the following: :values.","email":"O(A) :attribute precisa ser um email v\u00e1lido.","ends_with":"The :attribute must end with one of the following: :values.","enum":"The selected :attribute is invalid.","exists":"O(A) :attribute n\u00e3o existe.","file":"The :attribute must be a file.","filled":"The :attribute field must have a value.","gt.array":"The :attribute must have more than :value items.","gt.file":"The :attribute must be greater than :value kilobytes.","gt.numeric":"The :attribute must be greater than :value.","gt.string":"The :attribute must be greater than :value characters.","gte.array":"The :attribute must have :value items or more.","gte.file":"The :attribute must be greater than or equal to :value kilobytes.","gte.numeric":"O(A) :attribute precisa ser maior ou igual a :value.","gte.string":"The :attribute must be greater than or equal to :value characters.","habilitado":"O(A) :attribute n\u00e3o est\u00e1 habilitado(a) na solicita\u00e7\u00e3o de processos.","image":"The :attribute must be an image.","in":"O :attribute \u00e9 inv\u00e1lido.","in_array":"The :attribute field does not exist in :other.","integer":"O(A) :attribute precisa ser um n\u00famero inteiro.","ip":"The :attribute must be a valid IP address.","ipv4":"The :attribute must be a valid IPv4 address.","ipv6":"The :attribute must be a valid IPv6 address.","json":"The :attribute must be a valid JSON string.","lowercase":"The :attribute must be lowercase.","lt.array":"The :attribute must have less than :value items.","lt.file":"The :attribute must be less than :value kilobytes.","lt.numeric":"The :attribute must be less than :value.","lt.string":"The :attribute must be less than :value characters.","lte.array":"The :attribute must not have more than :value items.","lte.file":"The :attribute must be less than or equal to :value kilobytes.","lte.numeric":"The :attribute must be less than or equal to :value.","lte.string":"The :attribute must be less than or equal to :value characters.","mac_address":"The :attribute must be a valid MAC address.","max.array":"The :attribute must not have more than :max items.","max.file":"The :attribute must not be greater than :max kilobytes.","max.numeric":"O(A) :attribute n\u00e3o pode ser maior que :max.","max.string":"O(A) :attribute n\u00e3o pode ser maior que :max caracteres.","max_digits":"The :attribute must not have more than :max digits.","mimes":"The :attribute must be a file of type: :values.","mimetypes":"The :attribute must be a file of type: :values.","min.array":"The :attribute must have at least :min items.","min.file":"The :attribute must be at least :min kilobytes.","min.numeric":"O(A) :attribute precisa ser no m\u00ednimo :min.","min.string":"The :attribute must be at least :min characters.","min_digits":"The :attribute must have at least :min digits.","movimentacao":"O :attribute n\u00e3o pode ser movimentado.","multiple_of":"The :attribute must be a multiple of :value.","not_in":"The selected :attribute is invalid.","not_regex":"The :attribute format is invalid.","numeric":"The :attribute must be a number.","password.letters":"The :attribute must contain at least one letter.","password.mixed":"The :attribute must contain at least one uppercase and one lowercase letter.","password.numbers":"The :attribute must contain at least one number.","password.symbols":"The :attribute must contain at least one symbol.","password.uncompromised":"The given :attribute has appeared in a data leak. Please choose a different :attribute.","present":"The :attribute field must be present.","processo":"O :attribute possui numera\u00e7\u00e3o inv\u00e1lida.","prohibited":"The :attribute field is prohibited.","prohibited_if":"The :attribute field is prohibited when :other is :value.","prohibited_unless":"The :attribute field is prohibited unless :other is in :values.","prohibits":"The :attribute field prohibits :other from being present.","regex":"O formato do(a) :attribute \u00e9 inv\u00e1lido(a).","required":"O(A) :attribute \u00e9 obrigat\u00f3rio(a).","required_array_keys":"The :attribute field must contain entries for: :values.","required_if":"The :attribute field is required when :other is :value.","required_if_accepted":"The :attribute field is required when :other is accepted.","required_unless":"The :attribute field is required unless :other is in :values.","required_with":"The :attribute field is required when :values is present.","required_with_all":"The :attribute field is required when :values are present.","required_without":"The :attribute field is required when :values is not present.","required_without_all":"The :attribute field is required when none of :values are present.","same":"The :attribute and :other must match.","size.array":"The :attribute must contain :size items.","size.file":"The :attribute must be :size kilobytes.","size.numeric":"The :attribute must be :size.","size.string":"The :attribute must be :size characters.","solicitacao.indisponivel":"O :attribute est\u00e1 indispon\u00edvel para solicita\u00e7\u00e3o.","solicitacao.recebedor":"O(A) :attribute n\u00e3o pode receber os processos solicitados.","solicitacao.retornavel":"O status do :attribute n\u00e3o permite sua devolu\u00e7\u00e3o ao arquivo.","starts_with":"The :attribute must start with one of the following: :values.","string":"O(A) :attribute precisa ser um texto.","timezone":"The :attribute must be a valid timezone.","unique":"O(A) :attribute j\u00e1 existe.","uploaded":"The :attribute failed to upload.","uppercase":"The :attribute must be uppercase.","url":"The :attribute must be a valid URL.","uuid":"The :attribute must be a valid UUID.","custom.attribute-name.rule-name":"custom-message","attributes":[],"401: Acesso N\u00e3o Autorizado":"401: Acesso N\u00e3o Autorizado","403: Acesso Proibido":"403: Acesso Proibido","404: P\u00e1gina N\u00e3o Encontrada":"404: P\u00e1gina N\u00e3o Encontrada","405: M\u00e9todo n\u00e3o Permitido":"405: M\u00e9todo n\u00e3o Permitido","419: P\u00e1gina Expirada":"419: P\u00e1gina Expirada","429: Requisi\u00e7\u00f5es em Excesso":"429: Requisi\u00e7\u00f5es em Excesso","500: Erro Interno":"500: Erro Interno","503: Servi\u00e7o Indispon\u00edvel":"503: Servi\u00e7o Indispon\u00edvel",":attribute: Modo Edi\u00e7\u00e3o":":attribute: Modo Edi\u00e7\u00e3o",":attribute: Modo Visualiza\u00e7\u00e3o":":attribute: Modo Visualiza\u00e7\u00e3o","A presente entrega ser\u00e1 efetivada por meio de Guia de Remessa impressa.":"A presente entrega ser\u00e1 efetivada por meio de Guia de Remessa impressa","aaaa":"aaaa","Administra\u00e7\u00e3o":"Administra\u00e7\u00e3o","Administr\u00e1vel":"Administr\u00e1vel","Aguarde a conclus\u00e3o da solicita\u00e7\u00e3o":"Aguarde a conclus\u00e3o da solicita\u00e7\u00e3o","Andar":"Andar","Andar: :attribute":"Andar: :attribute","Andares":"Andares","Ano":"Ano","Ano da caixa":"Ano da caixa","Apelido":"Apelido","Apenas n\u00fameros":"Apenas n\u00fameros","Arquivado em":"Arquivado em","Arquivo nao encontrado":"Arquivo nao encontrado","Arquivo n\u00e3o encontrado":"Arquivo n\u00e3o encontrado","Arquivo posto na fila de processamento":"Arquivo posto na fila de processamento","Atendimentos":"Atendimentos","Autentica\u00e7\u00e3o expirada, fa\u00e7a login novamente":"Autentica\u00e7\u00e3o expirada, fa\u00e7a login novamente","Autoriza\u00e7\u00f5es":"Autoriza\u00e7\u00f5es","A\u00e7\u00f5es":"A\u00e7\u00f5es","Cadastro":"Cadastro","Cadastros":"Cadastros","Caixa":"Caixa","Caixa de destino":"Caixa de destino","Caixa: :attribute":"Caixa: :attribute","Caixas":"Caixas","Cancelada por :attribute1 em :attribute2":"Cancelada por :attribute1 em :attribute2","Cancelar":"Cancelar","Cargo":"Cargo","Comando executado com sucesso!":"Comando executado com sucesso!","Complemento":"Complemento","Complemento do n\u00famero":"Complemento do n\u00famero","completo":"completo","Confirmar":"Confirmar","Confirmar solicita\u00e7\u00e3o":"Confirmar solicita\u00e7\u00e3o","Copiado":"Copiado","Copiar":"Copiar","Cuidado! Opera\u00e7\u00e3o Irrevers\u00edvel":"Cuidado! Opera\u00e7\u00e3o Irrevers\u00edvel","Data de arquivamento":"Data de arquivamento","Desaconselhado":"Desaconselhado","Descri\u00e7\u00e3o":"Descri\u00e7\u00e3o","Desmarcar todos":"Desmarcar todos","Destino":"Destino","Destino: :attribute":"Destino: :attribute","Destino: :attribute1 - :attribute2":"Destino: :attribute1 - :attribute2","Devolu\u00e7\u00e3o de processos sob remessa":"Devolu\u00e7\u00e3o de processos sob remessa","devolvida":"devolvida","Devolvida em":"Devolvida em","Devolvidas":"Devolvidas","Devolvido em":"Devolvido em","Documenta\u00e7\u00e3o":"Documenta\u00e7\u00e3o","Documento impresso em :attribute1 por :attribute2":"Documento impresso em :attribute1 por :attribute2","Download":"Download","Editar":"Editar","Email":"Email","Email sem valor. Disparado para fins de testes e homologa\u00e7\u00e3o.":"Email sem valor. Disparado para fins de testes e homologa\u00e7\u00e3o.","Entrar":"Entrar","Entre caixas":"Entre caixas","Entrega de processos solicitados":"Entrega de processos solicitados","Entrega por guia":"Entrega por guia","Entregar processos":"Entregar processos","entregue":"entregue","Entregue em":"Entregue em","Entregues":"Entregues","Essa opera\u00e7\u00e3o \u00e9 irrevers\u00edvel. Tem certeza que deseja continuar?":"Essa opera\u00e7\u00e3o \u00e9 irrevers\u00edvel. Tem certeza que deseja continuar?","Estante":"Estante","Estante: :attribute":"Estante: :attribute","Estantes":"Estantes","ESXXXXX":"ESXXXXX","Ex.: 100, 100-F, ...":"Ex.: 100, 100-F, ...","Exclus\u00e3o da caixa :attribute":"Exclus\u00e3o da caixa :attribute","Exclus\u00e3o da estante :attribute":"Exclus\u00e3o da estante :attribute","Exclus\u00e3o da localidade :attribute":"Exclus\u00e3o da localidade :attribute","Exclus\u00e3o da prateleira :attribute":"Exclus\u00e3o da prateleira :attribute","Exclus\u00e3o da sala :attribute":"Exclus\u00e3o da sala :attribute","Exclus\u00e3o do andar :attribute":"Exclus\u00e3o do andar :attribute","Exclus\u00e3o do perfil :attribute":"Exclus\u00e3o do perfil :attribute","Exclus\u00e3o do predio :attribute":"Exclus\u00e3o do predio :attribute","Exclus\u00e3o do processo :attribute":"Exclus\u00e3o do processo :attribute","Exclus\u00e3o do pr\u00e9dio :attribute":"Exclus\u00e3o do pr\u00e9dio :attribute","Exclus\u00e3o do tipo de processo :attribute":"Exclus\u00e3o do tipo de processo :attribute","Executar":"Executar","Exemplo":"Exemplo","Exibir todos":"Exibir todos","Falha ao alterar a administrabilidade da lota\u00e7\u00e3o":"Falha ao alterar a administrabilidade da lota\u00e7\u00e3o","Falha ao excluir solicita\u00e7\u00e3o":"Falha ao excluir solicita\u00e7\u00e3o","Falha ao executar a importa\u00e7\u00e3o":"Falha ao executar a importa\u00e7\u00e3o","Falha ao importar os processos":"Falha ao importar os processos","Falha ao receber o processo":"Falha ao receber o processo","Falha ao solicitar o processo":"Falha ao solicitar o processo","Falha entregar o processo":"Falha entregar o processo","Falha na atualiza\u00e7\u00e3o da caixa":"Falha na atualiza\u00e7\u00e3o da caixa","Falha na cria\u00e7\u00e3o da estante":"Falha na cria\u00e7\u00e3o da estante","Falha na cria\u00e7\u00e3o da sala":"Falha na cria\u00e7\u00e3o da sala","Falha na execu\u00e7\u00e3o do comando!":"Falha na execu\u00e7\u00e3o do comando","Falha na notifica\u00e7\u00e3o: :erro":"Falha na notifica\u00e7\u00e3o: :erro","Final da importa\u00e7\u00e3o dos processos":"Final da importa\u00e7\u00e3o dos processos","Fun\u00e7\u00e3o de confian\u00e7a":"Fun\u00e7\u00e3o de confian\u00e7a","Garagem, G1, T\u00e9rreo, 10\u00ba, ...":"Garagem, G1, T\u00e9rreo, 10\u00ba, ...","Gerada em":"Gerada em","GP":"GP","GP (caixa)":"GP (caixa)","Guarda Permanente":"Guarda Permanente","Guarda permanente":"Guarda permanente","Guia de remessa de processos":"Guia de remessa de processos","Guia: :attribute":"Guia: :attribute","Guias":"Guias","Importar":"Importar","Importar dados":"Importar dados","Importa\u00e7\u00e3o dos dados corporativos conclu\u00edda":"Importa\u00e7\u00e3o dos dados corporativos conclu\u00edda","Importa\u00e7\u00e3o dos dados corporativos iniciada":"Importa\u00e7\u00e3o dos dados corporativos iniciada","Importa\u00e7\u00e3o foi escalonada para execu\u00e7\u00e3o. Em breve os dados estar\u00e3o dispon\u00edveis.":"Importa\u00e7\u00e3o foi escalonada para execu\u00e7\u00e3o. Em breve os dados estar\u00e3o dispon\u00edveis.","Importa\u00e7\u00e3o for\u00e7ada de dados":"Importa\u00e7\u00e3o for\u00e7ada de dados","Imprima a guia de remessa gerada pela aplica\u00e7\u00e3o;":"Imprima a guia de remessa gerada pela aplica\u00e7\u00e3o;","Imprimir":"Imprimir","Imprimir \u00faltima guia":"Imprimir \u00faltima guia","incompleto":"incompleto","Informe o n\u00famero completo do processo no padr\u00e3o CNJ":"Informe o n\u00famero completo do processo no padr\u00e3o CNJ","Inicio da importa\u00e7\u00e3o dos processos":"Inicio da importa\u00e7\u00e3o dos processos","Inverter sele\u00e7\u00e3o":"Inverter sele\u00e7\u00e3o","J\u00e1 ao se tornar uma lota\u00e7\u00e3o administr\u00e1vel, n\u00e3o h\u00e1 altera\u00e7\u00e3o nos perfis.":"J\u00e1 ao se tornar uma lota\u00e7\u00e3o administr\u00e1vel, n\u00e3o h\u00e1 altera\u00e7\u00e3o nos perfis.","Listar solicita\u00e7\u00f5es":"Listar solicita\u00e7\u00f5es","Local de arquivamento":"Local de arquivamento","Localidade":"Localidade","Localidade criadora":"Localidade criadora","Localidade: :attribute":"Localidade: :attribute","Localidades":"Localidades","Localiza\u00e7\u00e3o":"Localiza\u00e7\u00e3o","Localiza\u00e7\u00e3o atual":"Localiza\u00e7\u00e3o atual","Logs":"Logs","Logs de funcionamento":"Logs de funcionamento","Lota\u00e7\u00e3o":"Lota\u00e7\u00e3o","Lota\u00e7\u00e3o pai":"Lota\u00e7\u00e3o pai","Lota\u00e7\u00e3o: :attribute":"Lota\u00e7\u00e3o: :attribute","Lota\u00e7\u00f5es":"Lota\u00e7\u00f5es","Marcar todos":"Marcar todos","Matr\u00edcula":"Matr\u00edcula","Matr\u00edcula do recebedor":"Matr\u00edcula do recebedor","Matr\u00edcula do solicitante":"Matr\u00edcula do solicitante","Mover processos":"Mover processos","Movimenta\u00e7\u00e3o de processos entre caixas":"Movimenta\u00e7\u00e3o de processos entre caixas","Movimenta\u00e7\u00f5es":"Movimenta\u00e7\u00f5es","Nenhum item cadastrado at\u00e9 o momento":"Nenhum item cadastrado at\u00e9 o momento","Nenhum processo devolvido!":"Nenhum processo devolvido!","Nenhum processo dispon\u00edvel para entrega!":"Nenhum processo dispon\u00edvel para entrega!","Nenhum processo para movimenta\u00e7\u00e3o!":"Nenhum processo para movimenta\u00e7\u00e3o!","Nenhum processo solicitado!":"Nenhum processo solicitado!","Nenhum registro encontrado":"Nenhum registro encontrado","No arquivo":"No arquivo","Nome":"Nome","Nome da localidade":"Nome da localidade","Nome da permiss\u00e3o":"Nome da permiss\u00e3o","Nome do perfil":"Nome do perfil","Nome do pr\u00e9dio":"Nome do pr\u00e9dio","Nome do tipo de processo":"Nome do tipo de processo","Nome: :attribute":"Nome: :attribute","Nova caixa":"Nova caixa","Nova estante":"Nova estante","Nova localidade":"Nova localidade","Nova prateleira":"Nova prateleira","Nova sala":"Nova sala","Nova solicita\u00e7\u00e3o":"Nova solicita\u00e7\u00e3o","Novo andar":"Novo andar","Novo perfil":"Novo perfil","Novo processo":"Novo processo","Novo pr\u00e9dio":"Novo pr\u00e9dio","Novo tipo de processo":"Novo tipo de processo","N\u00e3o":"N\u00e3o","N\u00c3O":"N\u00c3O","N\u00famero":"N\u00famero","N\u00famero antigo":"N\u00famero antigo","N\u00famero antigo do processo":"N\u00famero antigo do processo","N\u00famero da caixa":"N\u00famero da caixa","N\u00famero da estante":"N\u00famero da estante","N\u00famero da prateleira":"N\u00famero da prateleira","N\u00famero da sala":"N\u00famero da sala","N\u00famero do andar":"N\u00famero do andar","N\u00famero do processo":"N\u00famero do processo","N\u00famero: :attribute":"N\u00famero: :attribute","O arquivo foi encontrado, por\u00e9m n\u00e3o \u00e9 um arquivo validamente CSV":"O arquivo foi encontrado, por\u00e9m n\u00e3o \u00e9 um arquivo validamente CSV","Ooops!!! A p\u00e1gina que voc\u00ea busca n\u00e3o existe. Verifique a URL digitada.":"Ooops!!! A p\u00e1gina que voc\u00ea busca n\u00e3o existe. Verifique a URL digitada.","Ooops!!! A sua requisi\u00e7\u00e3o expirou, tente se autenticar novamente.":"Ooops!!! A sua requisi\u00e7\u00e3o expirou, tente se autenticar novamente.","Ooops!!! Esse m\u00e9todo n\u00e3o \u00e9 permitido para essa URL.":"Ooops!!! Esse m\u00e9todo n\u00e3o \u00e9 permitido para essa URL.","Ooops!!! Esse recurso n\u00e3o est\u00e1 dispon\u00edvel para voc\u00ea. Procure um administrador.":"Ooops!!! Esse recurso n\u00e3o est\u00e1 dispon\u00edvel para voc\u00ea. Procure um administrador.","Ooops!!! Suas credencias se perderam, tente se autenticar novamente.":"Ooops!!! Suas credencias se perderam, tente se autenticar novamente.","Ooops!!! Voc\u00ea fez mais requisi\u00e7\u00f5es por segundo que o permitido pela aplica\u00e7\u00e3o.":"Ooops!!! Voc\u00ea fez mais requisi\u00e7\u00f5es por segundo que o permitido pela aplica\u00e7\u00e3o.","Orienta\u00e7\u00f5es:":"Orienta\u00e7\u00f5es:","Pagina\u00e7\u00e3o":"Pagina\u00e7\u00e3o","Perfil":"Perfil","Perfil: :attribute":"Perfil: :attribute","Perfis":"Perfis","Permiss\u00e3o":"Permiss\u00e3o","Permiss\u00f5es":"Permiss\u00f5es","Poder":"Poder","Por guia":"Por guia","Prateleira":"Prateleira","Prateleira: :attribute":"Prateleira: :attribute","Prateleiras":"Prateleiras","Processo":"Processo","Processo detalhado":"Processo detalhado","Processo devolvido":"Processo devolvido","Processo devolvido ao arquivo":"Processo devolvido ao arquivo","Processo encontra-se fora do arquivo":"Processo encontra-se fora do arquivo","Processo j\u00e1 informado":"Processo j\u00e1 informado","Processo pai":"Processo pai","Processo sem solicita\u00e7\u00e3o ativa":"Processo sem solicita\u00e7\u00e3o ativa","Processo: :attribute":"Processo: :attribute","Processos":"Processos","Processos devolvidos: :attribute":"Processos devolvidos: :attribute","Processos entregues:":"Processos entregues:","Processos que ser\u00e3o movimentados: :attribute":"Processos que ser\u00e3o movimentados: :attribute","Processos que ser\u00e3o solicitados: :attribute":"Processos que ser\u00e3o solicitados: :attribute","Processos solicitados entregues":"Processos solicitados entregues","Processos solicitados":"Processos solicitados","Pr\u00e9dio":"Pr\u00e9dio","Pr\u00e9dio: :attribute":"Pr\u00e9dio: :attribute","Pr\u00e9dios":"Pr\u00e9dios","P\u00e1gina":"P\u00e1gina","Qtd andares":"Qtd andares","Qtd caixas":"Qtd caixas","Qtd caixas criadas":"Qtd caixas criadas","Qtd estantes":"Qtd estantes","Qtd prateleiras":"Qtd prateleiras","Qtd proc filho":"Qtd proc filho","Qtd processos":"Qtd processos","Qtd pr\u00e9dios":"Qtd pr\u00e9dios","Qtd salas":"Qtd salas","Qtd solicita\u00e7\u00f5es":"Qtd solicita\u00e7\u00f5es","Qtd usu\u00e1rios":"Qtd usu\u00e1rios","Qtd volumes":"Qtd volumes","Rearquivada por":"Rearquivada por","Recebedor":"Recebedor","Recebedor(a): :attribute":"Recebedor(a): :attribute","Receber processos":"Receber processos","Recolher":"Recolher","Remetente":"Remetente","Remetente: :attribute":"Remetente: :attribute","Remover":"Remover","Sair da aplica\u00e7\u00e3o":"Sair da aplica\u00e7\u00e3o","Sala":"Sala","Sala: :attribute":"Sala: :attribute","Salas":"Salas","Salvar":"Salvar","Sem conte\u00fado":"Sem conte\u00fado","Senha":"Senha","Senha de rede":"Senha de rede","Senha de rede do recebedor":"Senha de rede do recebedor","Sigla":"Sigla","Sim":"Sim","Slug":"Slug","Sobre a caixa":"Sobre a caixa","Sobre a estante":"Sobre a estante","Sobre a localidade":"Sobre a localidade","Sobre a permiss\u00e3o":"Sobre a permiss\u00e3o","Sobre a prateleira":"Sobre a prateleira","Sobre a sala":"Sobre a sala","Sobre o andar":"Sobre o andar","Sobre o perfil":"Sobre o perfil","Sobre o processo":"Sobre o processo","Sobre o pr\u00e9dio":"Sobre o pr\u00e9dio","Sobre o tipo de processo":"Sobre o tipo de processo","solicitada":"solicitada","Solicitada em":"Solicitada em","Solicitada por":"Solicitada por","Solicitadas":"Solicitadas","Solicitante":"Solicitante","Solicitar processo":"Solicitar processo","Solicita\u00e7\u00e3o":"Solicita\u00e7\u00e3o","Solicita\u00e7\u00e3o de processo cancelada":"Solicita\u00e7\u00e3o de processo cancelada","Solicita\u00e7\u00e3o de processos":"Solicita\u00e7\u00e3o de processos","Solicita\u00e7\u00e3o de processos criada":"Solicita\u00e7\u00e3o de processos criada","Solicita\u00e7\u00f5es":"Solicita\u00e7\u00f5es","Solicita\u00e7\u00f5es de :attribute":"Solicita\u00e7\u00f5es de :attribute","Solicita\u00e7\u00f5es de processos":"Solicita\u00e7\u00f5es de processos","Status":"Status","Tentativa de altera\u00e7\u00e3o de perfil superior":"Tentativa de altera\u00e7\u00e3o de perfil superior","Tipo de processo":"Tipo de processo","TIpo de processo":"TIpo de processo","Tipo de processo: :attribute":"Tipo de processo: :attribute","Tipos de processo":"Tipos de processo","Usado para estabelecer a hierarquia entre os perfis":"Usado para estabelecer a hierarquia entre os perfis","Usu\u00e1rios":"Usu\u00e1rios","Vol caixa final":"Vol caixa final","Vol caixa inicial":"Vol caixa inicial","Vol final da caixa":"Vol final da caixa","Vol inicial da caixa":"Vol inicial da caixa","Vol. caixa final":"Vol. caixa final","Vol. caixa inicial":"Vol. caixa inicial","Voltar":"Voltar","Volumes":"Volumes","\u00daltimo item cadastrado:":"\u00daltimo item cadastrado:","\u00daltimo login":"\u00daltimo login"};
</script>
